// Jest Snapshot v1, https://goo.gl/fbAQLP

exports[`WeeklyCalendar renders correctly with default props 1`] = `
<div>
  <div
    class="relative mx-auto h-full w-full max-w-7xl overflow-hidden bg-gray-900 text-gray-100 shadow-2xl"
  >
    <div
      class="flex items-center justify-between border-b border-gray-800 p-6"
    >
      <h2
        class="bg-gradient-to-r from-blue-400 to-purple-500 bg-clip-text text-2xl font-bold text-transparent"
      >
        15
         â€” 
        21 Jan 2024
      </h2>
      <div
        class="flex gap-2"
      >
        <button
          class="rounded-full px-6 py-3 font-bold transition-colors border-stone-800 text-stone-400 hover:bg-stone-900 hover:text-stone-200 border-2 bg-transparent border-gray-700 bg-gray-800 text-gray-100 hover:bg-gray-700"
        >
          Today
        </button>
        <button
          class="rounded-full px-6 py-3 font-bold transition-colors border-stone-800 text-stone-400 hover:bg-stone-900 hover:text-stone-200 border-2 bg-transparent border-gray-700 bg-gray-800 text-gray-100 hover:bg-gray-700"
          data-testid="prev-week"
        >
          <svg
            class="lucide lucide-chevron-left h-4 w-4"
            fill="none"
            height="24"
            stroke="currentColor"
            stroke-linecap="round"
            stroke-linejoin="round"
            stroke-width="2"
            viewBox="0 0 24 24"
            width="24"
            xmlns="http://www.w3.org/2000/svg"
          >
            <path
              d="m15 18-6-6 6-6"
            />
          </svg>
        </button>
        <button
          class="rounded-full px-6 py-3 font-bold transition-colors border-stone-800 text-stone-400 hover:bg-stone-900 hover:text-stone-200 border-2 bg-transparent border-gray-700 bg-gray-800 text-gray-100 hover:bg-gray-700"
          data-testid="next-week"
        >
          <svg
            class="lucide lucide-chevron-right h-4 w-4"
            fill="none"
            height="24"
            stroke="currentColor"
            stroke-linecap="round"
            stroke-linejoin="round"
            stroke-width="2"
            viewBox="0 0 24 24"
            width="24"
            xmlns="http://www.w3.org/2000/svg"
          >
            <path
              d="m9 18 6-6-6-6"
            />
          </svg>
        </button>
      </div>
    </div>
    <div
      class="overflow-x-auto"
    >
      <div
        class="grid min-w-[800px] grid-cols-[auto_repeat(7,_minmax(120px,_1fr))]"
      >
        <div
          class="sticky left-0 z-10 bg-gray-900"
        >
          <div
            class="h-14 border-b border-gray-800"
          />
          <div
            class="flex h-16 items-center border-b border-r border-gray-800 px-2 text-gray-400"
          >
            00:00
          </div>
          <div
            class="flex h-16 items-center border-b border-r border-gray-800 px-2 text-gray-400"
          >
            01:00
          </div>
          <div
            class="flex h-16 items-center border-b border-r border-gray-800 px-2 text-gray-400"
          >
            02:00
          </div>
          <div
            class="flex h-16 items-center border-b border-r border-gray-800 px-2 text-gray-400"
          >
            03:00
          </div>
          <div
            class="flex h-16 items-center border-b border-r border-gray-800 px-2 text-gray-400"
          >
            04:00
          </div>
          <div
            class="flex h-16 items-center border-b border-r border-gray-800 px-2 text-gray-400"
          >
            05:00
          </div>
          <div
            class="flex h-16 items-center border-b border-r border-gray-800 px-2 text-gray-400"
          >
            06:00
          </div>
          <div
            class="flex h-16 items-center border-b border-r border-gray-800 px-2 text-gray-400"
          >
            07:00
          </div>
          <div
            class="flex h-16 items-center border-b border-r border-gray-800 px-2 text-gray-400"
          >
            08:00
          </div>
          <div
            class="flex h-16 items-center border-b border-r border-gray-800 px-2 text-gray-400"
          >
            09:00
          </div>
          <div
            class="flex h-16 items-center border-b border-r border-gray-800 px-2 text-gray-400"
          >
            10:00
          </div>
          <div
            class="flex h-16 items-center border-b border-r border-gray-800 px-2 text-gray-400"
          >
            11:00
          </div>
          <div
            class="flex h-16 items-center border-b border-r border-gray-800 px-2 text-gray-400"
          >
            12:00
          </div>
          <div
            class="flex h-16 items-center border-b border-r border-gray-800 px-2 text-gray-400"
          >
            13:00
          </div>
          <div
            class="flex h-16 items-center border-b border-r border-gray-800 px-2 text-gray-400"
          >
            14:00
          </div>
          <div
            class="flex h-16 items-center border-b border-r border-gray-800 px-2 text-gray-400"
          >
            15:00
          </div>
          <div
            class="flex h-16 items-center border-b border-r border-gray-800 px-2 text-gray-400"
          >
            16:00
          </div>
          <div
            class="flex h-16 items-center border-b border-r border-gray-800 px-2 text-gray-400"
          >
            17:00
          </div>
          <div
            class="flex h-16 items-center border-b border-r border-gray-800 px-2 text-gray-400"
          >
            18:00
          </div>
          <div
            class="flex h-16 items-center border-b border-r border-gray-800 px-2 text-gray-400"
          >
            19:00
          </div>
          <div
            class="flex h-16 items-center border-b border-r border-gray-800 px-2 text-gray-400"
          >
            20:00
          </div>
          <div
            class="flex h-16 items-center border-b border-r border-gray-800 px-2 text-gray-400"
          >
            21:00
          </div>
          <div
            class="flex h-16 items-center border-b border-r border-gray-800 px-2 text-gray-400"
          >
            22:00
          </div>
          <div
            class="flex h-16 items-center border-b border-r border-gray-800 px-2 text-gray-400"
          >
            23:00
          </div>
        </div>
        <div>
          <div
            class="flex h-14 items-center justify-center border-b border-gray-800 px-2 font-medium"
          >
            <div
              class="text-center"
            >
              <div
                class="text-gray-400"
              >
                Mon
              </div>
              <div
                class="text-lg"
              >
                15
              </div>
            </div>
          </div>
          <div
            class="relative"
          >
            <div
              class="group relative h-16 border-b border-r border-gray-800"
            />
            <div
              class="group relative h-16 border-b border-r border-gray-800"
            />
            <div
              class="group relative h-16 border-b border-r border-gray-800"
            />
            <div
              class="group relative h-16 border-b border-r border-gray-800"
            />
            <div
              class="group relative h-16 border-b border-r border-gray-800"
            />
            <div
              class="group relative h-16 border-b border-r border-gray-800"
            />
            <div
              class="group relative h-16 border-b border-r border-gray-800"
            />
            <div
              class="group relative h-16 border-b border-r border-gray-800"
            />
            <div
              class="group relative h-16 border-b border-r border-gray-800"
            />
            <div
              class="group relative h-16 border-b border-r border-gray-800"
            />
            <div
              class="group relative h-16 border-b border-r border-gray-800"
            />
            <div
              class="group relative h-16 border-b border-r border-gray-800"
            />
            <div
              class="group relative h-16 border-b border-r border-gray-800"
            />
            <div
              class="group relative h-16 border-b border-r border-gray-800"
            />
            <div
              class="group relative h-16 border-b border-r border-gray-800"
            />
            <div
              class="group relative h-16 border-b border-r border-gray-800"
            />
            <div
              class="group relative h-16 border-b border-r border-gray-800"
            />
            <div
              class="group relative h-16 border-b border-r border-gray-800"
            />
            <div
              class="group relative h-16 border-b border-r border-gray-800"
            />
            <div
              class="group relative h-16 border-b border-r border-gray-800"
            />
            <div
              class="group relative h-16 border-b border-r border-gray-800"
            />
            <div
              class="group relative h-16 border-b border-r border-gray-800"
            />
            <div
              class="group relative h-16 border-b border-r border-gray-800"
            />
            <div
              class="group relative h-16 border-b border-r border-gray-800"
            />
          </div>
        </div>
        <div>
          <div
            class="flex h-14 items-center justify-center border-b border-gray-800 px-2 font-medium"
          >
            <div
              class="text-center"
            >
              <div
                class="text-gray-400"
              >
                Tue
              </div>
              <div
                class="text-lg"
              >
                16
              </div>
            </div>
          </div>
          <div
            class="relative"
          >
            <div
              class="group relative h-16 border-b border-r border-gray-800"
            />
            <div
              class="group relative h-16 border-b border-r border-gray-800"
            />
            <div
              class="group relative h-16 border-b border-r border-gray-800"
            />
            <div
              class="group relative h-16 border-b border-r border-gray-800"
            />
            <div
              class="group relative h-16 border-b border-r border-gray-800"
            />
            <div
              class="group relative h-16 border-b border-r border-gray-800"
            />
            <div
              class="group relative h-16 border-b border-r border-gray-800"
            />
            <div
              class="group relative h-16 border-b border-r border-gray-800"
            />
            <div
              class="group relative h-16 border-b border-r border-gray-800"
            />
            <div
              class="group relative h-16 border-b border-r border-gray-800"
            />
            <div
              class="group relative h-16 border-b border-r border-gray-800"
            />
            <div
              class="group relative h-16 border-b border-r border-gray-800"
            />
            <div
              class="group relative h-16 border-b border-r border-gray-800"
            />
            <div
              class="group relative h-16 border-b border-r border-gray-800"
            />
            <div
              class="group relative h-16 border-b border-r border-gray-800"
            />
            <div
              class="group relative h-16 border-b border-r border-gray-800"
            />
            <div
              class="group relative h-16 border-b border-r border-gray-800"
            />
            <div
              class="group relative h-16 border-b border-r border-gray-800"
            />
            <div
              class="group relative h-16 border-b border-r border-gray-800"
            />
            <div
              class="group relative h-16 border-b border-r border-gray-800"
            />
            <div
              class="group relative h-16 border-b border-r border-gray-800"
            />
            <div
              class="group relative h-16 border-b border-r border-gray-800"
            />
            <div
              class="group relative h-16 border-b border-r border-gray-800"
            />
            <div
              class="group relative h-16 border-b border-r border-gray-800"
            />
          </div>
        </div>
        <div>
          <div
            class="flex h-14 items-center justify-center border-b border-gray-800 px-2 font-medium"
          >
            <div
              class="text-center"
            >
              <div
                class="text-gray-400"
              >
                Wed
              </div>
              <div
                class="text-lg"
              >
                17
              </div>
            </div>
          </div>
          <div
            class="relative"
          >
            <div
              class="group relative h-16 border-b border-r border-gray-800"
            />
            <div
              class="group relative h-16 border-b border-r border-gray-800"
            />
            <div
              class="group relative h-16 border-b border-r border-gray-800"
            />
            <div
              class="group relative h-16 border-b border-r border-gray-800"
            />
            <div
              class="group relative h-16 border-b border-r border-gray-800"
            />
            <div
              class="group relative h-16 border-b border-r border-gray-800"
            />
            <div
              class="group relative h-16 border-b border-r border-gray-800"
            />
            <div
              class="group relative h-16 border-b border-r border-gray-800"
            />
            <div
              class="group relative h-16 border-b border-r border-gray-800"
            />
            <div
              class="group relative h-16 border-b border-r border-gray-800"
            />
            <div
              class="group relative h-16 border-b border-r border-gray-800"
            />
            <div
              class="group relative h-16 border-b border-r border-gray-800"
            />
            <div
              class="group relative h-16 border-b border-r border-gray-800"
            />
            <div
              class="group relative h-16 border-b border-r border-gray-800"
            />
            <div
              class="group relative h-16 border-b border-r border-gray-800"
            />
            <div
              class="group relative h-16 border-b border-r border-gray-800"
            />
            <div
              class="group relative h-16 border-b border-r border-gray-800"
            />
            <div
              class="group relative h-16 border-b border-r border-gray-800"
            />
            <div
              class="group relative h-16 border-b border-r border-gray-800"
            />
            <div
              class="group relative h-16 border-b border-r border-gray-800"
            />
            <div
              class="group relative h-16 border-b border-r border-gray-800"
            />
            <div
              class="group relative h-16 border-b border-r border-gray-800"
            />
            <div
              class="group relative h-16 border-b border-r border-gray-800"
            />
            <div
              class="group relative h-16 border-b border-r border-gray-800"
            />
          </div>
        </div>
        <div>
          <div
            class="flex h-14 items-center justify-center border-b border-gray-800 px-2 font-medium"
          >
            <div
              class="text-center"
            >
              <div
                class="text-gray-400"
              >
                Thu
              </div>
              <div
                class="text-lg"
              >
                18
              </div>
            </div>
          </div>
          <div
            class="relative"
          >
            <div
              class="group relative h-16 border-b border-r border-gray-800"
            />
            <div
              class="group relative h-16 border-b border-r border-gray-800"
            />
            <div
              class="group relative h-16 border-b border-r border-gray-800"
            />
            <div
              class="group relative h-16 border-b border-r border-gray-800"
            />
            <div
              class="group relative h-16 border-b border-r border-gray-800"
            />
            <div
              class="group relative h-16 border-b border-r border-gray-800"
            />
            <div
              class="group relative h-16 border-b border-r border-gray-800"
            />
            <div
              class="group relative h-16 border-b border-r border-gray-800"
            />
            <div
              class="group relative h-16 border-b border-r border-gray-800"
            />
            <div
              class="group relative h-16 border-b border-r border-gray-800"
            />
            <div
              class="group relative h-16 border-b border-r border-gray-800"
            />
            <div
              class="group relative h-16 border-b border-r border-gray-800"
            />
            <div
              class="group relative h-16 border-b border-r border-gray-800"
            />
            <div
              class="group relative h-16 border-b border-r border-gray-800"
            />
            <div
              class="group relative h-16 border-b border-r border-gray-800"
            />
            <div
              class="group relative h-16 border-b border-r border-gray-800"
            />
            <div
              class="group relative h-16 border-b border-r border-gray-800"
            />
            <div
              class="group relative h-16 border-b border-r border-gray-800"
            />
            <div
              class="group relative h-16 border-b border-r border-gray-800"
            />
            <div
              class="group relative h-16 border-b border-r border-gray-800"
            />
            <div
              class="group relative h-16 border-b border-r border-gray-800"
            />
            <div
              class="group relative h-16 border-b border-r border-gray-800"
            />
            <div
              class="group relative h-16 border-b border-r border-gray-800"
            />
            <div
              class="group relative h-16 border-b border-r border-gray-800"
            />
          </div>
        </div>
        <div>
          <div
            class="flex h-14 items-center justify-center border-b border-gray-800 px-2 font-medium"
          >
            <div
              class="text-center"
            >
              <div
                class="text-gray-400"
              >
                Fri
              </div>
              <div
                class="text-lg"
              >
                19
              </div>
            </div>
          </div>
          <div
            class="relative"
          >
            <div
              class="group relative h-16 border-b border-r border-gray-800"
            />
            <div
              class="group relative h-16 border-b border-r border-gray-800"
            />
            <div
              class="group relative h-16 border-b border-r border-gray-800"
            />
            <div
              class="group relative h-16 border-b border-r border-gray-800"
            />
            <div
              class="group relative h-16 border-b border-r border-gray-800"
            />
            <div
              class="group relative h-16 border-b border-r border-gray-800"
            />
            <div
              class="group relative h-16 border-b border-r border-gray-800"
            />
            <div
              class="group relative h-16 border-b border-r border-gray-800"
            />
            <div
              class="group relative h-16 border-b border-r border-gray-800"
            />
            <div
              class="group relative h-16 border-b border-r border-gray-800"
            />
            <div
              class="group relative h-16 border-b border-r border-gray-800"
            />
            <div
              class="group relative h-16 border-b border-r border-gray-800"
            />
            <div
              class="group relative h-16 border-b border-r border-gray-800"
            />
            <div
              class="group relative h-16 border-b border-r border-gray-800"
            />
            <div
              class="group relative h-16 border-b border-r border-gray-800"
            />
            <div
              class="group relative h-16 border-b border-r border-gray-800"
            />
            <div
              class="group relative h-16 border-b border-r border-gray-800"
            />
            <div
              class="group relative h-16 border-b border-r border-gray-800"
            />
            <div
              class="group relative h-16 border-b border-r border-gray-800"
            />
            <div
              class="group relative h-16 border-b border-r border-gray-800"
            />
            <div
              class="group relative h-16 border-b border-r border-gray-800"
            />
            <div
              class="group relative h-16 border-b border-r border-gray-800"
            />
            <div
              class="group relative h-16 border-b border-r border-gray-800"
            />
            <div
              class="group relative h-16 border-b border-r border-gray-800"
            />
          </div>
        </div>
        <div>
          <div
            class="flex h-14 items-center justify-center border-b border-gray-800 px-2 font-medium"
          >
            <div
              class="text-center"
            >
              <div
                class="text-gray-400"
              >
                Sat
              </div>
              <div
                class="text-lg"
              >
                20
              </div>
            </div>
          </div>
          <div
            class="relative"
          >
            <div
              class="group relative h-16 border-b border-r border-gray-800"
            />
            <div
              class="group relative h-16 border-b border-r border-gray-800"
            />
            <div
              class="group relative h-16 border-b border-r border-gray-800"
            />
            <div
              class="group relative h-16 border-b border-r border-gray-800"
            />
            <div
              class="group relative h-16 border-b border-r border-gray-800"
            />
            <div
              class="group relative h-16 border-b border-r border-gray-800"
            />
            <div
              class="group relative h-16 border-b border-r border-gray-800"
            />
            <div
              class="group relative h-16 border-b border-r border-gray-800"
            />
            <div
              class="group relative h-16 border-b border-r border-gray-800"
            />
            <div
              class="group relative h-16 border-b border-r border-gray-800"
            />
            <div
              class="group relative h-16 border-b border-r border-gray-800"
            />
            <div
              class="group relative h-16 border-b border-r border-gray-800"
            />
            <div
              class="group relative h-16 border-b border-r border-gray-800"
            />
            <div
              class="group relative h-16 border-b border-r border-gray-800"
            />
            <div
              class="group relative h-16 border-b border-r border-gray-800"
            />
            <div
              class="group relative h-16 border-b border-r border-gray-800"
            />
            <div
              class="group relative h-16 border-b border-r border-gray-800"
            />
            <div
              class="group relative h-16 border-b border-r border-gray-800"
            />
            <div
              class="group relative h-16 border-b border-r border-gray-800"
            />
            <div
              class="group relative h-16 border-b border-r border-gray-800"
            />
            <div
              class="group relative h-16 border-b border-r border-gray-800"
            />
            <div
              class="group relative h-16 border-b border-r border-gray-800"
            />
            <div
              class="group relative h-16 border-b border-r border-gray-800"
            />
            <div
              class="group relative h-16 border-b border-r border-gray-800"
            />
          </div>
        </div>
        <div>
          <div
            class="flex h-14 items-center justify-center border-b border-gray-800 px-2 font-medium"
          >
            <div
              class="text-center"
            >
              <div
                class="text-gray-400"
              >
                Sun
              </div>
              <div
                class="text-lg"
              >
                21
              </div>
            </div>
          </div>
          <div
            class="relative"
          >
            <div
              class="group relative h-16 border-b border-r border-gray-800"
            />
            <div
              class="group relative h-16 border-b border-r border-gray-800"
            />
            <div
              class="group relative h-16 border-b border-r border-gray-800"
            />
            <div
              class="group relative h-16 border-b border-r border-gray-800"
            />
            <div
              class="group relative h-16 border-b border-r border-gray-800"
            />
            <div
              class="group relative h-16 border-b border-r border-gray-800"
            />
            <div
              class="group relative h-16 border-b border-r border-gray-800"
            />
            <div
              class="group relative h-16 border-b border-r border-gray-800"
            />
            <div
              class="group relative h-16 border-b border-r border-gray-800"
            />
            <div
              class="group relative h-16 border-b border-r border-gray-800"
            />
            <div
              class="group relative h-16 border-b border-r border-gray-800"
            />
            <div
              class="group relative h-16 border-b border-r border-gray-800"
            />
            <div
              class="group relative h-16 border-b border-r border-gray-800"
            />
            <div
              class="group relative h-16 border-b border-r border-gray-800"
            />
            <div
              class="group relative h-16 border-b border-r border-gray-800"
            />
            <div
              class="group relative h-16 border-b border-r border-gray-800"
            />
            <div
              class="group relative h-16 border-b border-r border-gray-800"
            />
            <div
              class="group relative h-16 border-b border-r border-gray-800"
            />
            <div
              class="group relative h-16 border-b border-r border-gray-800"
            />
            <div
              class="group relative h-16 border-b border-r border-gray-800"
            />
            <div
              class="group relative h-16 border-b border-r border-gray-800"
            />
            <div
              class="group relative h-16 border-b border-r border-gray-800"
            />
            <div
              class="group relative h-16 border-b border-r border-gray-800"
            />
            <div
              class="group relative h-16 border-b border-r border-gray-800"
            />
          </div>
        </div>
      </div>
    </div>
  </div>
</div>
`;
