// Jest Snapshot v1, https://goo.gl/fbAQLP

exports[`BookingCalendar renders correctly with default props 1`] = `
<div>
  <div
    class="relative mx-auto h-full w-full max-w-7xl overflow-hidden bg-stone-900 shadow-2xl ring-1 ring-stone-800"
  >
    <div
      class="flex items-center justify-between border-b border-stone-800 p-6"
    >
      <h2
        class="bg-gradient-to-b from-stone-200 to-stone-300 bg-clip-text text-lg font-bold text-transparent"
      >
        15
         â€” 
        21 Jan 2024
      </h2>
      <div
        class="flex gap-2"
      >
        <button
          class="rounded-full px-2 py-1 font-bold flex flex-row items-center justify-center transition-colors leading-none hover:bg-stone-800 ring-stone-800 text-stone-400 hover:ring-stone-700 ring-1 hover:text-stone-300 bg-transparent"
        >
          Today
        </button>
        <button
          class="rounded-full px-2 py-1 font-bold flex flex-row items-center justify-center transition-colors leading-none hover:bg-stone-800 ring-stone-800 text-stone-400 hover:ring-stone-700 ring-1 hover:text-stone-300 bg-transparent"
          data-testid="prev-week"
        >
          <svg
            class="lucide lucide-chevron-left h-4 w-4"
            fill="none"
            height="24"
            stroke="currentColor"
            stroke-linecap="round"
            stroke-linejoin="round"
            stroke-width="2"
            viewBox="0 0 24 24"
            width="24"
            xmlns="http://www.w3.org/2000/svg"
          >
            <path
              d="m15 18-6-6 6-6"
            />
          </svg>
        </button>
        <button
          class="rounded-full px-2 py-1 font-bold flex flex-row items-center justify-center transition-colors leading-none hover:bg-stone-800 ring-stone-800 text-stone-400 hover:ring-stone-700 ring-1 hover:text-stone-300 bg-transparent"
          data-testid="next-week"
        >
          <svg
            class="lucide lucide-chevron-right h-4 w-4"
            fill="none"
            height="24"
            stroke="currentColor"
            stroke-linecap="round"
            stroke-linejoin="round"
            stroke-width="2"
            viewBox="0 0 24 24"
            width="24"
            xmlns="http://www.w3.org/2000/svg"
          >
            <path
              d="m9 18 6-6-6-6"
            />
          </svg>
        </button>
      </div>
    </div>
    <div
      class="overflow-x-auto"
    >
      <div
        class="grid min-w-[800px] grid-cols-[auto_repeat(7,_minmax(120px,_1fr))]"
      >
        <div
          class="sticky left-0 z-10 bg-stone-900"
        >
          <div
            class="h-4 border-b border-stone-800"
          />
          <div
            class="flex h-4 items-center border-b border-r border-stone-800 px-2 text-sm text-stone-400"
          >
            00:00
          </div>
          <div
            class="flex h-4 items-center border-b border-r border-stone-800 px-2 text-sm text-stone-400"
          >
            01:00
          </div>
          <div
            class="flex h-4 items-center border-b border-r border-stone-800 px-2 text-sm text-stone-400"
          >
            02:00
          </div>
          <div
            class="flex h-4 items-center border-b border-r border-stone-800 px-2 text-sm text-stone-400"
          >
            03:00
          </div>
          <div
            class="flex h-4 items-center border-b border-r border-stone-800 px-2 text-sm text-stone-400"
          >
            04:00
          </div>
          <div
            class="flex h-4 items-center border-b border-r border-stone-800 px-2 text-sm text-stone-400"
          >
            05:00
          </div>
          <div
            class="flex h-4 items-center border-b border-r border-stone-800 px-2 text-sm text-stone-400"
          >
            06:00
          </div>
          <div
            class="flex h-4 items-center border-b border-r border-stone-800 px-2 text-sm text-stone-400"
          >
            07:00
          </div>
          <div
            class="flex h-4 items-center border-b border-r border-stone-800 px-2 text-sm text-stone-400"
          >
            08:00
          </div>
          <div
            class="flex h-4 items-center border-b border-r border-stone-800 px-2 text-sm text-stone-400"
          >
            09:00
          </div>
          <div
            class="flex h-4 items-center border-b border-r border-stone-800 px-2 text-sm text-stone-400"
          >
            10:00
          </div>
          <div
            class="flex h-4 items-center border-b border-r border-stone-800 px-2 text-sm text-stone-400"
          >
            11:00
          </div>
          <div
            class="flex h-4 items-center border-b border-r border-stone-800 px-2 text-sm text-stone-400"
          >
            12:00
          </div>
          <div
            class="flex h-4 items-center border-b border-r border-stone-800 px-2 text-sm text-stone-400"
          >
            13:00
          </div>
          <div
            class="flex h-4 items-center border-b border-r border-stone-800 px-2 text-sm text-stone-400"
          >
            14:00
          </div>
          <div
            class="flex h-4 items-center border-b border-r border-stone-800 px-2 text-sm text-stone-400"
          >
            15:00
          </div>
          <div
            class="flex h-4 items-center border-b border-r border-stone-800 px-2 text-sm text-stone-400"
          >
            16:00
          </div>
          <div
            class="flex h-4 items-center border-b border-r border-stone-800 px-2 text-sm text-stone-400"
          >
            17:00
          </div>
          <div
            class="flex h-4 items-center border-b border-r border-stone-800 px-2 text-sm text-stone-400"
          >
            18:00
          </div>
          <div
            class="flex h-4 items-center border-b border-r border-stone-800 px-2 text-sm text-stone-400"
          >
            19:00
          </div>
          <div
            class="flex h-4 items-center border-b border-r border-stone-800 px-2 text-sm text-stone-400"
          >
            20:00
          </div>
          <div
            class="flex h-4 items-center border-b border-r border-stone-800 px-2 text-sm text-stone-400"
          >
            21:00
          </div>
          <div
            class="flex h-4 items-center border-b border-r border-stone-800 px-2 text-sm text-stone-400"
          >
            22:00
          </div>
          <div
            class="flex h-4 items-center border-b border-r border-stone-800 px-2 text-sm text-stone-400"
          >
            23:00
          </div>
        </div>
        <div>
          <div
            class="flex h-8 items-center justify-center border-b border-stone-800 px-2 font-medium"
          >
            <div
              class="text-center"
            >
              <div
                class="text-base text-stone-400"
              >
                Mon
              </div>
              <div
                class="text-base"
              >
                15
              </div>
            </div>
          </div>
          <div
            class="relative"
          >
            <div
              class="group relative h-4 border-b border-r border-stone-800"
            />
            <div
              class="group relative h-4 border-b border-r border-stone-800"
            />
            <div
              class="group relative h-4 border-b border-r border-stone-800"
            />
            <div
              class="group relative h-4 border-b border-r border-stone-800"
            />
            <div
              class="group relative h-4 border-b border-r border-stone-800"
            />
            <div
              class="group relative h-4 border-b border-r border-stone-800"
            />
            <div
              class="group relative h-4 border-b border-r border-stone-800"
            />
            <div
              class="group relative h-4 border-b border-r border-stone-800"
            />
            <div
              class="group relative h-4 border-b border-r border-stone-800"
            />
            <div
              class="group relative h-4 border-b border-r border-stone-800"
            />
            <div
              class="group relative h-4 border-b border-r border-stone-800"
            />
            <div
              class="group relative h-4 border-b border-r border-stone-800"
            />
            <div
              class="group relative h-4 border-b border-r border-stone-800"
            />
            <div
              class="group relative h-4 border-b border-r border-stone-800"
            />
            <div
              class="group relative h-4 border-b border-r border-stone-800"
            />
            <div
              class="group relative h-4 border-b border-r border-stone-800"
            />
            <div
              class="group relative h-4 border-b border-r border-stone-800"
            />
            <div
              class="group relative h-4 border-b border-r border-stone-800"
            />
            <div
              class="group relative h-4 border-b border-r border-stone-800"
            />
            <div
              class="group relative h-4 border-b border-r border-stone-800"
            />
            <div
              class="group relative h-4 border-b border-r border-stone-800"
            />
            <div
              class="group relative h-4 border-b border-r border-stone-800"
            />
            <div
              class="group relative h-4 border-b border-r border-stone-800"
            />
            <div
              class="group relative h-4 border-b border-r border-stone-800"
            />
          </div>
        </div>
        <div>
          <div
            class="flex h-8 items-center justify-center border-b border-stone-800 px-2 font-medium"
          >
            <div
              class="text-center"
            >
              <div
                class="text-base text-stone-400"
              >
                Tue
              </div>
              <div
                class="text-base"
              >
                16
              </div>
            </div>
          </div>
          <div
            class="relative"
          >
            <div
              class="group relative h-4 border-b border-r border-stone-800"
            />
            <div
              class="group relative h-4 border-b border-r border-stone-800"
            />
            <div
              class="group relative h-4 border-b border-r border-stone-800"
            />
            <div
              class="group relative h-4 border-b border-r border-stone-800"
            />
            <div
              class="group relative h-4 border-b border-r border-stone-800"
            />
            <div
              class="group relative h-4 border-b border-r border-stone-800"
            />
            <div
              class="group relative h-4 border-b border-r border-stone-800"
            />
            <div
              class="group relative h-4 border-b border-r border-stone-800"
            />
            <div
              class="group relative h-4 border-b border-r border-stone-800"
            />
            <div
              class="group relative h-4 border-b border-r border-stone-800"
            />
            <div
              class="group relative h-4 border-b border-r border-stone-800"
            />
            <div
              class="group relative h-4 border-b border-r border-stone-800"
            />
            <div
              class="group relative h-4 border-b border-r border-stone-800"
            />
            <div
              class="group relative h-4 border-b border-r border-stone-800"
            />
            <div
              class="group relative h-4 border-b border-r border-stone-800"
            />
            <div
              class="group relative h-4 border-b border-r border-stone-800"
            />
            <div
              class="group relative h-4 border-b border-r border-stone-800"
            />
            <div
              class="group relative h-4 border-b border-r border-stone-800"
            />
            <div
              class="group relative h-4 border-b border-r border-stone-800"
            />
            <div
              class="group relative h-4 border-b border-r border-stone-800"
            />
            <div
              class="group relative h-4 border-b border-r border-stone-800"
            />
            <div
              class="group relative h-4 border-b border-r border-stone-800"
            />
            <div
              class="group relative h-4 border-b border-r border-stone-800"
            />
            <div
              class="group relative h-4 border-b border-r border-stone-800"
            />
          </div>
        </div>
        <div>
          <div
            class="flex h-8 items-center justify-center border-b border-stone-800 px-2 font-medium"
          >
            <div
              class="text-center"
            >
              <div
                class="text-base text-stone-400"
              >
                Wed
              </div>
              <div
                class="text-base"
              >
                17
              </div>
            </div>
          </div>
          <div
            class="relative"
          >
            <div
              class="group relative h-4 border-b border-r border-stone-800"
            />
            <div
              class="group relative h-4 border-b border-r border-stone-800"
            />
            <div
              class="group relative h-4 border-b border-r border-stone-800"
            />
            <div
              class="group relative h-4 border-b border-r border-stone-800"
            />
            <div
              class="group relative h-4 border-b border-r border-stone-800"
            />
            <div
              class="group relative h-4 border-b border-r border-stone-800"
            />
            <div
              class="group relative h-4 border-b border-r border-stone-800"
            />
            <div
              class="group relative h-4 border-b border-r border-stone-800"
            />
            <div
              class="group relative h-4 border-b border-r border-stone-800"
            />
            <div
              class="group relative h-4 border-b border-r border-stone-800"
            />
            <div
              class="group relative h-4 border-b border-r border-stone-800"
            />
            <div
              class="group relative h-4 border-b border-r border-stone-800"
            />
            <div
              class="group relative h-4 border-b border-r border-stone-800"
            />
            <div
              class="group relative h-4 border-b border-r border-stone-800"
            />
            <div
              class="group relative h-4 border-b border-r border-stone-800"
            />
            <div
              class="group relative h-4 border-b border-r border-stone-800"
            />
            <div
              class="group relative h-4 border-b border-r border-stone-800"
            />
            <div
              class="group relative h-4 border-b border-r border-stone-800"
            />
            <div
              class="group relative h-4 border-b border-r border-stone-800"
            />
            <div
              class="group relative h-4 border-b border-r border-stone-800"
            />
            <div
              class="group relative h-4 border-b border-r border-stone-800"
            />
            <div
              class="group relative h-4 border-b border-r border-stone-800"
            />
            <div
              class="group relative h-4 border-b border-r border-stone-800"
            />
            <div
              class="group relative h-4 border-b border-r border-stone-800"
            />
          </div>
        </div>
        <div>
          <div
            class="flex h-8 items-center justify-center border-b border-stone-800 px-2 font-medium"
          >
            <div
              class="text-center"
            >
              <div
                class="text-base text-stone-400"
              >
                Thu
              </div>
              <div
                class="text-base"
              >
                18
              </div>
            </div>
          </div>
          <div
            class="relative"
          >
            <div
              class="group relative h-4 border-b border-r border-stone-800"
            />
            <div
              class="group relative h-4 border-b border-r border-stone-800"
            />
            <div
              class="group relative h-4 border-b border-r border-stone-800"
            />
            <div
              class="group relative h-4 border-b border-r border-stone-800"
            />
            <div
              class="group relative h-4 border-b border-r border-stone-800"
            />
            <div
              class="group relative h-4 border-b border-r border-stone-800"
            />
            <div
              class="group relative h-4 border-b border-r border-stone-800"
            />
            <div
              class="group relative h-4 border-b border-r border-stone-800"
            />
            <div
              class="group relative h-4 border-b border-r border-stone-800"
            />
            <div
              class="group relative h-4 border-b border-r border-stone-800"
            />
            <div
              class="group relative h-4 border-b border-r border-stone-800"
            />
            <div
              class="group relative h-4 border-b border-r border-stone-800"
            />
            <div
              class="group relative h-4 border-b border-r border-stone-800"
            />
            <div
              class="group relative h-4 border-b border-r border-stone-800"
            />
            <div
              class="group relative h-4 border-b border-r border-stone-800"
            />
            <div
              class="group relative h-4 border-b border-r border-stone-800"
            />
            <div
              class="group relative h-4 border-b border-r border-stone-800"
            />
            <div
              class="group relative h-4 border-b border-r border-stone-800"
            />
            <div
              class="group relative h-4 border-b border-r border-stone-800"
            />
            <div
              class="group relative h-4 border-b border-r border-stone-800"
            />
            <div
              class="group relative h-4 border-b border-r border-stone-800"
            />
            <div
              class="group relative h-4 border-b border-r border-stone-800"
            />
            <div
              class="group relative h-4 border-b border-r border-stone-800"
            />
            <div
              class="group relative h-4 border-b border-r border-stone-800"
            />
          </div>
        </div>
        <div>
          <div
            class="flex h-8 items-center justify-center border-b border-stone-800 px-2 font-medium"
          >
            <div
              class="text-center"
            >
              <div
                class="text-base text-stone-400"
              >
                Fri
              </div>
              <div
                class="text-base"
              >
                19
              </div>
            </div>
          </div>
          <div
            class="relative"
          >
            <div
              class="group relative h-4 border-b border-r border-stone-800"
            />
            <div
              class="group relative h-4 border-b border-r border-stone-800"
            />
            <div
              class="group relative h-4 border-b border-r border-stone-800"
            />
            <div
              class="group relative h-4 border-b border-r border-stone-800"
            />
            <div
              class="group relative h-4 border-b border-r border-stone-800"
            />
            <div
              class="group relative h-4 border-b border-r border-stone-800"
            />
            <div
              class="group relative h-4 border-b border-r border-stone-800"
            />
            <div
              class="group relative h-4 border-b border-r border-stone-800"
            />
            <div
              class="group relative h-4 border-b border-r border-stone-800"
            />
            <div
              class="group relative h-4 border-b border-r border-stone-800"
            />
            <div
              class="group relative h-4 border-b border-r border-stone-800"
            />
            <div
              class="group relative h-4 border-b border-r border-stone-800"
            />
            <div
              class="group relative h-4 border-b border-r border-stone-800"
            />
            <div
              class="group relative h-4 border-b border-r border-stone-800"
            />
            <div
              class="group relative h-4 border-b border-r border-stone-800"
            />
            <div
              class="group relative h-4 border-b border-r border-stone-800"
            />
            <div
              class="group relative h-4 border-b border-r border-stone-800"
            />
            <div
              class="group relative h-4 border-b border-r border-stone-800"
            />
            <div
              class="group relative h-4 border-b border-r border-stone-800"
            />
            <div
              class="group relative h-4 border-b border-r border-stone-800"
            />
            <div
              class="group relative h-4 border-b border-r border-stone-800"
            />
            <div
              class="group relative h-4 border-b border-r border-stone-800"
            />
            <div
              class="group relative h-4 border-b border-r border-stone-800"
            />
            <div
              class="group relative h-4 border-b border-r border-stone-800"
            />
          </div>
        </div>
        <div>
          <div
            class="flex h-8 items-center justify-center border-b border-stone-800 px-2 font-medium"
          >
            <div
              class="text-center"
            >
              <div
                class="text-base text-stone-400"
              >
                Sat
              </div>
              <div
                class="text-base"
              >
                20
              </div>
            </div>
          </div>
          <div
            class="relative"
          >
            <div
              class="group relative h-4 border-b border-r border-stone-800"
            />
            <div
              class="group relative h-4 border-b border-r border-stone-800"
            />
            <div
              class="group relative h-4 border-b border-r border-stone-800"
            />
            <div
              class="group relative h-4 border-b border-r border-stone-800"
            />
            <div
              class="group relative h-4 border-b border-r border-stone-800"
            />
            <div
              class="group relative h-4 border-b border-r border-stone-800"
            />
            <div
              class="group relative h-4 border-b border-r border-stone-800"
            />
            <div
              class="group relative h-4 border-b border-r border-stone-800"
            />
            <div
              class="group relative h-4 border-b border-r border-stone-800"
            />
            <div
              class="group relative h-4 border-b border-r border-stone-800"
            />
            <div
              class="group relative h-4 border-b border-r border-stone-800"
            />
            <div
              class="group relative h-4 border-b border-r border-stone-800"
            />
            <div
              class="group relative h-4 border-b border-r border-stone-800"
            />
            <div
              class="group relative h-4 border-b border-r border-stone-800"
            />
            <div
              class="group relative h-4 border-b border-r border-stone-800"
            />
            <div
              class="group relative h-4 border-b border-r border-stone-800"
            />
            <div
              class="group relative h-4 border-b border-r border-stone-800"
            />
            <div
              class="group relative h-4 border-b border-r border-stone-800"
            />
            <div
              class="group relative h-4 border-b border-r border-stone-800"
            />
            <div
              class="group relative h-4 border-b border-r border-stone-800"
            />
            <div
              class="group relative h-4 border-b border-r border-stone-800"
            />
            <div
              class="group relative h-4 border-b border-r border-stone-800"
            />
            <div
              class="group relative h-4 border-b border-r border-stone-800"
            />
            <div
              class="group relative h-4 border-b border-r border-stone-800"
            />
          </div>
        </div>
        <div>
          <div
            class="flex h-8 items-center justify-center border-b border-stone-800 px-2 font-medium"
          >
            <div
              class="text-center"
            >
              <div
                class="text-base text-stone-400"
              >
                Sun
              </div>
              <div
                class="text-base"
              >
                21
              </div>
            </div>
          </div>
          <div
            class="relative"
          >
            <div
              class="group relative h-4 border-b border-r border-stone-800"
            />
            <div
              class="group relative h-4 border-b border-r border-stone-800"
            />
            <div
              class="group relative h-4 border-b border-r border-stone-800"
            />
            <div
              class="group relative h-4 border-b border-r border-stone-800"
            />
            <div
              class="group relative h-4 border-b border-r border-stone-800"
            />
            <div
              class="group relative h-4 border-b border-r border-stone-800"
            />
            <div
              class="group relative h-4 border-b border-r border-stone-800"
            />
            <div
              class="group relative h-4 border-b border-r border-stone-800"
            />
            <div
              class="group relative h-4 border-b border-r border-stone-800"
            />
            <div
              class="group relative h-4 border-b border-r border-stone-800"
            />
            <div
              class="group relative h-4 border-b border-r border-stone-800"
            />
            <div
              class="group relative h-4 border-b border-r border-stone-800"
            />
            <div
              class="group relative h-4 border-b border-r border-stone-800"
            />
            <div
              class="group relative h-4 border-b border-r border-stone-800"
            />
            <div
              class="group relative h-4 border-b border-r border-stone-800"
            />
            <div
              class="group relative h-4 border-b border-r border-stone-800"
            />
            <div
              class="group relative h-4 border-b border-r border-stone-800"
            />
            <div
              class="group relative h-4 border-b border-r border-stone-800"
            />
            <div
              class="group relative h-4 border-b border-r border-stone-800"
            />
            <div
              class="group relative h-4 border-b border-r border-stone-800"
            />
            <div
              class="group relative h-4 border-b border-r border-stone-800"
            />
            <div
              class="group relative h-4 border-b border-r border-stone-800"
            />
            <div
              class="group relative h-4 border-b border-r border-stone-800"
            />
            <div
              class="group relative h-4 border-b border-r border-stone-800"
            />
          </div>
        </div>
      </div>
    </div>
  </div>
</div>
`;
